================================================================================
Test case: left := Deny, right := Deny. No counter example found.
================================================================================
-- Left Policy -----------------------------------------------------------------
filter {
  bool_constant {
  }
}
-- Right Policy ----------------------------------------------------------------
filter {
  bool_constant {
  }
}
-- Counter Example -------------------------------------------------------------
No counter example found.
================================================================================
Test case: left := Deny, right := Accept. Counter example found.
================================================================================
-- Left Policy -----------------------------------------------------------------
filter {
  bool_constant {
  }
}
-- Right Policy ----------------------------------------------------------------
filter {
  bool_constant {
    value: true
  }
}
-- Counter Example -------------------------------------------------------------
Pull(Left - Right, FullSet):
digraph {
  node [fontsize = 14]
  edge [fontsize = 12]
  4294967295 [label="F" shape=box]
}

Pull(Right - Left, FullSet):
digraph {
  node [fontsize = 14]
  edge [fontsize = 12]
  4294967294 [label="T" shape=box]
}

Input/Output Packet Exists in Right, but not in Left:
- Input packet: {}
- Output packet: {}
================================================================================
Test case: left := (a=2), right := (b=5).
================================================================================
-- Left Policy -----------------------------------------------------------------
filter {
  match {
    field: "a"
    value: 2
  }
}
-- Right Policy ----------------------------------------------------------------
filter {
  match {
    field: "b"
    value: 5
  }
}
-- Counter Example -------------------------------------------------------------
Pull(Left - Right, FullSet):
digraph {
  node [fontsize = 14]
  edge [fontsize = 12]
  4294967294 [label="T" shape=box]
  4294967295 [label="F" shape=box]
  3 [label="a"]
  3 -> 2 [label="2"]
  3 -> 4294967295 [style=dashed]
  2 [label="b"]
  2 -> 4294967295 [label="5"]
  2 -> 4294967294 [style=dashed]
}

Pull(Right - Left, FullSet):
digraph {
  node [fontsize = 14]
  edge [fontsize = 12]
  4294967294 [label="T" shape=box]
  4294967295 [label="F" shape=box]
  4 [label="a"]
  4 -> 4294967295 [label="2"]
  4 -> 1 [style=dashed]
  1 [label="b"]
  1 -> 4294967294 [label="5"]
  1 -> 4294967295 [style=dashed]
}

Input/Output Packet Exists in Left, but not in Right:
- Input packet: {a: 2}
- Output packet: {a: 2}
Input/Output Packet Exists in Right, but not in Left:
- Input packet: {b: 5}
- Output packet: {b: 5}
================================================================================
Test case: left := (a=5), right := (a=5 && b=2).
================================================================================
-- Left Policy -----------------------------------------------------------------
filter {
  match {
    field: "a"
    value: 5
  }
}
-- Right Policy ----------------------------------------------------------------
filter {
  and_op {
    left {
      match {
        field: "a"
        value: 5
      }
    }
    right {
      match {
        field: "b"
        value: 2
      }
    }
  }
}
-- Counter Example -------------------------------------------------------------
Pull(Left - Right, FullSet):
digraph {
  node [fontsize = 14]
  edge [fontsize = 12]
  4294967294 [label="T" shape=box]
  4294967295 [label="F" shape=box]
  4 [label="a"]
  4 -> 3 [label="5"]
  4 -> 4294967295 [style=dashed]
  3 [label="b"]
  3 -> 4294967295 [label="2"]
  3 -> 4294967294 [style=dashed]
}

Pull(Right - Left, FullSet):
digraph {
  node [fontsize = 14]
  edge [fontsize = 12]
  4294967295 [label="F" shape=box]
}

Input/Output Packet Exists in Left, but not in Right:
- Input packet: {a: 5}
- Output packet: {a: 5}
================================================================================
Test case: left := (c=5), right := (c=5) || (d=2).
================================================================================
-- Left Policy -----------------------------------------------------------------
filter {
  match {
    field: "c"
    value: 5
  }
}
-- Right Policy ----------------------------------------------------------------
union_op {
  left {
    filter {
      match {
        field: "c"
        value: 5
      }
    }
  }
  right {
    filter {
      match {
        field: "d"
        value: 2
      }
    }
  }
}
-- Counter Example -------------------------------------------------------------
Pull(Left - Right, FullSet):
digraph {
  node [fontsize = 14]
  edge [fontsize = 12]
  4294967295 [label="F" shape=box]
}

Pull(Right - Left, FullSet):
digraph {
  node [fontsize = 14]
  edge [fontsize = 12]
  4294967294 [label="T" shape=box]
  4294967295 [label="F" shape=box]
  3 [label="c"]
  3 -> 4294967295 [label="5"]
  3 -> 1 [style=dashed]
  1 [label="d"]
  1 -> 4294967294 [label="2"]
  1 -> 4294967295 [style=dashed]
}

Input/Output Packet Exists in Right, but not in Left:
- Input packet: {d: 2}
- Output packet: {d: 2}
================================================================================
Test case: left := !(c=5), right := (c=5).
================================================================================
-- Left Policy -----------------------------------------------------------------
filter {
  not_op {
    negand {
      match {
        field: "c"
        value: 5
      }
    }
  }
}
-- Right Policy ----------------------------------------------------------------
filter {
  match {
    field: "c"
    value: 5
  }
}
-- Counter Example -------------------------------------------------------------
Pull(Left - Right, FullSet):
digraph {
  node [fontsize = 14]
  edge [fontsize = 12]
  4294967294 [label="T" shape=box]
  4294967295 [label="F" shape=box]
  1 [label="c"]
  1 -> 4294967295 [label="5"]
  1 -> 4294967294 [style=dashed]
}

Pull(Right - Left, FullSet):
digraph {
  node [fontsize = 14]
  edge [fontsize = 12]
  4294967294 [label="T" shape=box]
  4294967295 [label="F" shape=box]
  0 [label="c"]
  0 -> 4294967294 [label="5"]
  0 -> 4294967295 [style=dashed]
}

Input/Output Packet Exists in Left, but not in Right:
- Input packet: {}
- Output packet: {}
Input/Output Packet Exists in Right, but not in Left:
- Input packet: {c: 5}
- Output packet: {c: 5}
================================================================================
Test case: left := (f:=42), right := (g:=26).
================================================================================
-- Left Policy -----------------------------------------------------------------
modification {
  field: "f"
  value: 42
}
-- Right Policy ----------------------------------------------------------------
modification {
  field: "g"
  value: 26
}
-- Counter Example -------------------------------------------------------------
Pull(Left - Right, FullSet):
digraph {
  node [fontsize = 14]
  edge [fontsize = 12]
  4294967294 [label="T" shape=box]
  4294967295 [label="F" shape=box]
  2 [label="f"]
  2 -> 0 [label="42"]
  2 -> 4294967294 [style=dashed]
  0 [label="g"]
  0 -> 4294967295 [label="26"]
  0 -> 4294967294 [style=dashed]
}

Pull(Right - Left, FullSet):
digraph {
  node [fontsize = 14]
  edge [fontsize = 12]
  4294967294 [label="T" shape=box]
  4294967295 [label="F" shape=box]
  2 [label="f"]
  2 -> 0 [label="42"]
  2 -> 4294967294 [style=dashed]
  0 [label="g"]
  0 -> 4294967295 [label="26"]
  0 -> 4294967294 [style=dashed]
}

Input/Output Packet Exists in Left, but not in Right:
- Input packet: {}
- Output packet: {f: 42}
- Input packet: {f: 42}
- Output packet: {f: 42}
Input/Output Packet Exists in Right, but not in Left:
- Input packet: {}
- Output packet: {g: 26}
- Input packet: {f: 42}
- Output packet: {g: 26,f: 42}
