================================================================================
Test case: p := F. Predicate is empty set.
================================================================================
-- STRING ----------------------------------------------------------------------
PacketSetHandle<empty>:
-- DOT -------------------------------------------------------------------------
digraph {
  node [fontsize = 14]
  edge [fontsize = 12]
  2147483647 [label="T" shape=box]
  __root__ [style=invis width=0 height=0]
  __root__ -> 2147483647 [arrowhead=dot]
}
================================================================================
Test case: p := T. Predicate is fullset.
================================================================================
-- STRING ----------------------------------------------------------------------
PacketSetHandle<full>:
-- DOT -------------------------------------------------------------------------
digraph {
  node [fontsize = 14]
  edge [fontsize = 12]
  2147483647 [label="T" shape=box]
  __root__ [style=invis width=0 height=0]
  __root__ -> 2147483647
}
================================================================================
Test case: p := (a=3 && b=4) || (b!=5 && c=5). Example from Katch paper Fig 3.
================================================================================
-- STRING ----------------------------------------------------------------------
PacketSetHandle<~7>:
  PacketFieldHandle<0>:'a' == 3 -> PacketSetHandle<~6>
  PacketFieldHandle<0>:'a' == * -> PacketSetHandle<~5>
PacketSetHandle<~6>:
  PacketFieldHandle<1>:'b' == 4 -> PacketSetHandle<full>
  PacketFieldHandle<1>:'b' == 5 -> PacketSetHandle<empty>
  PacketFieldHandle<1>:'b' == * -> PacketSetHandle<~4>
PacketSetHandle<~5>:
  PacketFieldHandle<1>:'b' == 5 -> PacketSetHandle<empty>
  PacketFieldHandle<1>:'b' == * -> PacketSetHandle<~4>
PacketSetHandle<~4>:
  PacketFieldHandle<2>:'c' == 5 -> PacketSetHandle<full>
  PacketFieldHandle<2>:'c' == * -> PacketSetHandle<empty>
-- DOT -------------------------------------------------------------------------
digraph {
  node [fontsize = 14]
  edge [fontsize = 12]
  2147483647 [label="T" shape=box]
  __root__ [style=invis width=0 height=0]
  __root__ -> 7 [arrowhead=dot]
  7 [label="a"]
  7 -> 6 [label="3"]
  7 -> 5 [style=dashed]
  6 [label="b"]
  6 -> 2147483647 [label="4" arrowhead=dot]
  6 -> 2147483647 [label="5"]
  6 -> 4 [style=dashed]
  5 [label="b"]
  5 -> 2147483647 [label="5"]
  5 -> 4 [style=dashed]
  4 [label="c"]
  4 -> 2147483647 [label="5" arrowhead=dot]
  4 -> 2147483647 [style=dashed]
}
================================================================================
Test case: q := (b=3 && c=4) || (a=5 && c!=5). Example from Katch paper Fig 3.
================================================================================
-- STRING ----------------------------------------------------------------------
PacketSetHandle<~13>:
  PacketFieldHandle<0>:'a' == 5 -> PacketSetHandle<4>
  PacketFieldHandle<0>:'a' == * -> PacketSetHandle<~10>
PacketSetHandle<4>:
  PacketFieldHandle<2>:'c' == 5 -> PacketSetHandle<empty>
  PacketFieldHandle<2>:'c' == * -> PacketSetHandle<full>
PacketSetHandle<~10>:
  PacketFieldHandle<1>:'b' == 3 -> PacketSetHandle<~9>
  PacketFieldHandle<1>:'b' == * -> PacketSetHandle<empty>
PacketSetHandle<~9>:
  PacketFieldHandle<2>:'c' == 4 -> PacketSetHandle<full>
  PacketFieldHandle<2>:'c' == * -> PacketSetHandle<empty>
-- DOT -------------------------------------------------------------------------
digraph {
  node [fontsize = 14]
  edge [fontsize = 12]
  2147483647 [label="T" shape=box]
  __root__ [style=invis width=0 height=0]
  __root__ -> 13 [arrowhead=dot]
  13 [label="a"]
  13 -> 4 [label="5" arrowhead=dot]
  13 -> 10 [style=dashed]
  4 [label="c"]
  4 -> 2147483647 [label="5" arrowhead=dot]
  4 -> 2147483647 [style=dashed]
  10 [label="b"]
  10 -> 9 [label="3"]
  10 -> 2147483647 [style=dashed]
  9 [label="c"]
  9 -> 2147483647 [label="4" arrowhead=dot]
  9 -> 2147483647 [style=dashed]
}
================================================================================
Test case: p + q. Example from Katch paper Fig 3.
================================================================================
-- STRING ----------------------------------------------------------------------
PacketSetHandle<~18>:
  PacketFieldHandle<0>:'a' == 3 -> PacketSetHandle<~16>
  PacketFieldHandle<0>:'a' == 5 -> PacketSetHandle<17>
  PacketFieldHandle<0>:'a' == * -> PacketSetHandle<~15>
PacketSetHandle<~16>:
  PacketFieldHandle<1>:'b' == 3 -> PacketSetHandle<~14>
  PacketFieldHandle<1>:'b' == 4 -> PacketSetHandle<full>
  PacketFieldHandle<1>:'b' == 5 -> PacketSetHandle<empty>
  PacketFieldHandle<1>:'b' == * -> PacketSetHandle<~4>
PacketSetHandle<17>:
  PacketFieldHandle<1>:'b' == 5 -> PacketSetHandle<4>
  PacketFieldHandle<1>:'b' == * -> PacketSetHandle<full>
PacketSetHandle<~15>:
  PacketFieldHandle<1>:'b' == 3 -> PacketSetHandle<~14>
  PacketFieldHandle<1>:'b' == 5 -> PacketSetHandle<empty>
  PacketFieldHandle<1>:'b' == * -> PacketSetHandle<~4>
PacketSetHandle<~14>:
  PacketFieldHandle<2>:'c' == 4 -> PacketSetHandle<full>
  PacketFieldHandle<2>:'c' == 5 -> PacketSetHandle<full>
  PacketFieldHandle<2>:'c' == * -> PacketSetHandle<empty>
PacketSetHandle<~4>:
  PacketFieldHandle<2>:'c' == 5 -> PacketSetHandle<full>
  PacketFieldHandle<2>:'c' == * -> PacketSetHandle<empty>
PacketSetHandle<4>:
  PacketFieldHandle<2>:'c' == 5 -> PacketSetHandle<empty>
  PacketFieldHandle<2>:'c' == * -> PacketSetHandle<full>
-- DOT -------------------------------------------------------------------------
digraph {
  node [fontsize = 14]
  edge [fontsize = 12]
  2147483647 [label="T" shape=box]
  __root__ [style=invis width=0 height=0]
  __root__ -> 18 [arrowhead=dot]
  18 [label="a"]
  18 -> 16 [label="3"]
  18 -> 17 [label="5" arrowhead=dot]
  18 -> 15 [style=dashed]
  16 [label="b"]
  16 -> 14 [label="3"]
  16 -> 2147483647 [label="4" arrowhead=dot]
  16 -> 2147483647 [label="5"]
  16 -> 4 [style=dashed]
  17 [label="b"]
  17 -> 4 [label="5"]
  17 -> 2147483647 [style=dashed]
  15 [label="b"]
  15 -> 14 [label="3"]
  15 -> 2147483647 [label="5"]
  15 -> 4 [style=dashed]
  14 [label="c"]
  14 -> 2147483647 [label="4" arrowhead=dot]
  14 -> 2147483647 [label="5" arrowhead=dot]
  14 -> 2147483647 [style=dashed]
  4 [label="c"]
  4 -> 2147483647 [label="5" arrowhead=dot]
  4 -> 2147483647 [style=dashed]
}
